Archive member included because of file (symbol)

board/mv_feroceon/config_kw/libconfig_kw.a(platform.o)
                              cpu/arm926ejs/start.o (lowlevel_init)
board/mv_feroceon/config_kw/libconfig_kw.a(mvTwsiEeprom.o)
                              board/mv_feroceon/config_kw/libconfig_kw.a(platform.o) (_i2cInit)
board/mv_feroceon/config_kw/libconfig_kw.a(mv_cmd.o)
                              (__u_boot_cmd_bubt)
board/mv_feroceon/config_kw/libconfig_kw.a(mv_main.o)
                              board/mv_feroceon/config_kw/libconfig_kw.a(mv_cmd.o) (recoveryHandle)
board/mv_feroceon/config_kw/libconfig_kw.a(mv_service.o)
                              board/mv_feroceon/config_kw/libconfig_kw.a(mv_main.o) (mvBoardEgigaPhySwitchInit)
board/mv_feroceon/config_kw/libconfig_kw.a(mvCtrlEnvLib.o)
                              board/mv_feroceon/config_kw/libconfig_kw.a(mv_main.o) (mvCtrlPwrClckSet)
board/mv_feroceon/config_kw/libconfig_kw.a(mvAhbToMbus.o)
                              board/mv_feroceon/config_kw/libconfig_kw.a(mvCtrlEnvLib.o) (mvAhbToMbusAddDecShow)
board/mv_feroceon/config_kw/libconfig_kw.a(mvCpuIf.o)
                              board/mv_feroceon/config_kw/libconfig_kw.a(mvCtrlEnvLib.o) (mvCpuIfAddDecShow)
board/mv_feroceon/config_kw/libconfig_kw.a(mvSysXor.o)
                              board/mv_feroceon/config_kw/libconfig_kw.a(mvCtrlEnvLib.o) (mvXorAddrDecShow)
board/mv_feroceon/config_kw/libconfig_kw.a(mvSysDram.o)
                              board/mv_feroceon/config_kw/libconfig_kw.a(mvCpuIf.o) (mvDramIfWinGet)
board/mv_feroceon/config_kw/libconfig_kw.a(mvSysGbe.o)
                              board/mv_feroceon/config_kw/libconfig_kw.a(mvCtrlEnvLib.o) (mvEthAddrDecShow)
board/mv_feroceon/config_kw/libconfig_kw.a(mvSysAudio.o)
                              board/mv_feroceon/config_kw/libconfig_kw.a(mvCtrlEnvLib.o) (mvAudioAddrDecShow)
board/mv_feroceon/config_kw/libconfig_kw.a(mvSysTs.o)
                              board/mv_feroceon/config_kw/libconfig_kw.a(mvCtrlEnvLib.o) (mvTsuAddrDecShow)
board/mv_feroceon/config_kw/libconfig_kw.a(mvSysPex.o)
                              board/mv_feroceon/config_kw/libconfig_kw.a(mvCtrlEnvLib.o) (mvPexAddrDecShow)
board/mv_feroceon/config_kw/libconfig_kw.a(mvSysSata.o)
                              board/mv_feroceon/config_kw/libconfig_kw.a(mvCtrlEnvLib.o) (mvSataAddrDecShow)
board/mv_feroceon/config_kw/libconfig_kw.a(mvSysUsb.o)
                              board/mv_feroceon/config_kw/libconfig_kw.a(mvCtrlEnvLib.o) (mvUsbAddrDecShow)
board/mv_feroceon/config_kw/libconfig_kw.a(mvCpu.o)
                              board/mv_feroceon/config_kw/libconfig_kw.a(mv_main.o) (mvCpuNameGet)
board/mv_feroceon/config_kw/libconfig_kw.a(mvSysLCD.o)
                              board/mv_feroceon/config_kw/libconfig_kw.a(mvCtrlEnvLib.o) (mvLcdAddrDecShow)
board/mv_feroceon/config_kw/libconfig_kw.a(mvBoardEnvLib.o)
                              board/mv_feroceon/config_kw/libconfig_kw.a(mv_main.o) (mvBoardTclkGet)
board/mv_feroceon/config_kw/libconfig_kw.a(mvBoardEnvSpec.o)
                              board/mv_feroceon/config_kw/libconfig_kw.a(mvBoardEnvLib.o) (boardInfoTbl)
board/mv_feroceon/config_kw/libconfig_kw.a(mv_flash.o)
                              board/mv_feroceon/config_kw/libconfig_kw.a(mv_main.o) (getMvFlashInfo)
board/mv_feroceon/config_kw/libconfig_kw.a(mv_pageTable.o)
                              (__u_boot_cmd_cpumap)
board/mv_feroceon/config_kw/libconfig_kw.a(mv_rtc.o)
                              board/mv_feroceon/config_kw/libconfig_kw.a(mv_main.o) (rtc_get)
board/mv_feroceon/config_kw/libconfig_kw.a(mv_mon_init.o)
                              board/mv_feroceon/config_kw/libconfig_kw.a(mv_pageTable.o) (PTexist)
board/mv_feroceon/config_kw/libconfig_kw.a(mv_ide.o)
                              board/mv_feroceon/config_kw/libconfig_kw.a(mv_main.o) (ide_get_dev)
board/mv_feroceon/config_kw/libconfig_kw.a(mv_protectionUnit.o)
                              board/mv_feroceon/config_kw/libconfig_kw.a(mv_pageTable.o) (mpuMap)
board/mv_feroceon/config_kw/libconfig_kw.a(mv_ext2_boot.o)
                              (__u_boot_cmd_bootext2)
board/mv_feroceon/config_kw/libconfig_kw.a(mvSwitch.o)
                              board/mv_feroceon/config_kw/libconfig_kw.a(mv_cmd.o) (mvEthSwitchRegRead)
board/mv_feroceon/config_kw/libconfig_kw.a(mvCommon.o)
                              board/mv_feroceon/config_kw/libconfig_kw.a(mvAhbToMbus.o) (mvSizePrint)
board/mv_feroceon/config_kw/libconfig_kw.a(mvOs.o)
                              board/mv_feroceon/config_kw/libconfig_kw.a(mvCpu.o) (mvOsCpuPartGet)
board/mv_feroceon/config_kw/libconfig_kw.a(mvFlashCom.o)
                              board/mv_feroceon/config_kw/libconfig_kw.a(mv_flash.o) (mvFlashSecLockGet)
board/mv_feroceon/config_kw/libconfig_kw.a(mvSata.o)
                              board/mv_feroceon/config_kw/libconfig_kw.a(mv_ide.o) (mvSataUnmaskAdapterInterrupt)
[...]
Memory Configuration

Name             Origin             Length             Attributes
*default*        0x00000000         0xffffffff

Linker script and memory map

                0x00600000                . = _start

.text           0x00600000    0x468ec
 cpu/arm926ejs/start.o(.text)
 .text          0x00600000      0x460 cpu/arm926ejs/start.o
                0x00600140                _dcache_index_max
                0x00600144                _dcache_index_inc
                0x0060014c                _dcache_set_index
                0x00600048                _bss_start
                0x0060004c                _bss_end
                0x00600044                _armboot_start
                0x00600000                _start
                0x00600150                cpu_dcache_flush_all
                0x0060018c                cpu_icache_flush_invalidate_all
                0x00600040                _TEXT_BASE
                0x00600148                _dcache_set_max
 *(.text)
 .text          0x00600460        0x0 board/mv_feroceon/USP/jump.o
 .text          0x00600460       0x68 board/mv_feroceon/config_kw/libconfig_kw.a(platform.o)
                0x00600460                lowlevel_init
 .text          0x006004c8      0x304 board/mv_feroceon/config_kw/libconfig_kw.a(mvTwsiEeprom.o)
                0x006004c8                _i2cInit
                0x00600510                _i2cRead
 .text          0x006007cc     0x1534 board/mv_feroceon/config_kw/libconfig_kw.a(mv_cmd.o)
                0x006010cc                phy_write_cmd
                0x006011e0                pcie_phy_read_cmd
                0x00601380                fi_cmd
                0x00600b50                do_rcvr
                0x00600b68                do_satr
                0x00601660                clk_cmd
                0x00601058                switch_read_cmd
                0x0060154c                g_cmd
                0x00600878                bfGetWolStatus
                0x006016bc                resetenv_cmd
                0x00600fe0                switch_write_cmd
                0x00601770                nor_burn_uboot_cmd
                0x00601128                phy_read_cmd
                0x0060123c                cmpm_cmd
                0x00601608                sg_cmd
                0x006014dc                mv_go
                0x006015f0                displayMemoryMap_cmd
                0x00601b00                ir_cmd
                0x006009d8                bfTestWol
                0x00601184                pcie_phy_write_cmd
 .text          0x00601d00     0x2a38 board/mv_feroceon/config_kw/libconfig_kw.a(mv_main.o)
                0x00603d70                print_dev_id
                0x00602054                bfIsStartBootProcess
                0x00603e28                isMyDisk
                0x00603cec                misc_init_r_dec_win
                0x00602244                bfEthPhyPolaritySet
                0x00602684                recoveryHandle
                0x00603dac                print_mvBanner
                0x00602d1c                recoveryCheck
                0x006030e0                mvGetRtcSec
                0x0060312c                mvTclkGet
                0x00603150                misc_init_r_env
                0x00601d94                pcie_tune
                0x006022d4                mv_cpu_init
                0x00602db8                mv_set_power_scheme
                0x006030dc                reset_cpu
                0x00603c48                board_init
                0x00601ec4                bfErrorCodeDisp
                0x00604424                board_late_init
                0x00602030                bfDispAllInitrdError
                0x00602f8c                mvMppModuleTypePrint
                0x00601dd4                bfAllLedOff
                0x00601d6c                maskAllInt
                0x00602d34                mvUpdateNorFlashBaseAddrBank
                0x00603f88                serch_boot_drv
                0x00602290                memcpyFlash
                0x006045ec                misc_init_r
                0x00601d08                isValidMacAddr
                0x00603108                mvSysClkGet
                0x00601d00                raise
 .text          0x00604738       0xd8 board/mv_feroceon/config_kw/libconfig_kw.a(mv_service.o)
                0x00604738                mvBoardEgigaPhySwitchInit
 .text          0x00604810     0x1334 board/mv_feroceon/config_kw/libconfig_kw.a(mvCtrlEnvLib.o)
                0x00604960                mvCtrlTargetNameGet
                0x00604da0                mvCtrlModelGet
                0x00605100                mvCtrlEthMaxPortGet
                0x00605364                mvCtrlAddrDecShow
                0x00604f4c                mvCtrlIsBootFromSPI
                0x00605014                mvCtrlAudioSupport
                0x00604fd0                mvCtrlTdmSupport
                0x00604810                mvCtrlMppRegGet
                0x006053fc                mvCtrlModelRevNameGet
                0x00604898                ctrlWinOverlapTest
                0x00605738                mvCtrlEnvInit
                0x00604888                mvCtrlXorMaxChanGet
                0x006049d4                ctrlRegToSize
                0x00605600                mvCtrlPwrMemGet
                0x00604890                mvCtrlUsbMaxGet
                0x006056dc                mvCtrlSysRstLengthCounterGet
                0x00604ef0                mvCtrlIsBootFromSPIUseNAND
                0x00604904                ctrlWinWithinWinTest
                0x00605578                mvMPPConfigToDefault
                0x00604ab0                mvCtrlPwrSaveOff
                0x00604e84                mvCtrlIsBootFromNAND
                0x00604a34                ctrlSizeRegRoundUp
                0x006051b4                mvCtrlPwrMemSet
                0x00604fb8                mvCtrlModelRevGet
                0x006050ac                mvCtrlNandSupport
                0x0060497c                ctrlSizeToReg
                0x006055c4                mvMPPConfigToSPI
                0x006053b8                mvCtrlNameGet
                0x00604d44                mvCtrlRevGet
                0x00605068                mvCtrlTsSupport
                0x0060517c                mvCtrlPexMaxIfGet
                0x00604c7c                mvCtrlPwrClckGet
                0x00604a84                mvCtrlPwrSaveOn
                0x00604adc                mvCtrlPwrClckSet
 .text          0x00605b44      0x820 board/mv_feroceon/config_kw/libconfig_kw.a(mvAhbToMbus.o)
                0x00605ee8                mvAhbToMbusWinTargetGet
                0x00605b44                mvAhbToMbusInit
                0x00606138                mvAhbToMbusWinTargetSwap
                0x00606098                mvAhbToMbusWinRemap
                0x00605c28                mvAhbToMbusWinNum
                0x00605f68                mvAhbToMbusWinSet
                0x00605cc4                mvAhbToMbusWinGet
                0x00605dbc                mvAhbToMbusAddDecShow
                0x00605c50                mvAhbToMbusWinEnable
                0x00605e8c                mvAhbToMbusWinAvailGet
 .text          0x00606364      0xb14 board/mv_feroceon/config_kw/libconfig_kw.a(mvCpuIf.o)
                0x00606364                mvCpuIfEnablePex
                0x00606730                mvCpuIfTargetOfBaseAddressGet
                0x006068cc                mvCpuIfTargetWinSet
                0x00606b84                mvCpuIfTargetWinSizeGet
                0x0060679c                mvCpuIfTargetWinEnable
                0x00606a1c                mvCpuIfTargetWinBaseHighGet
                0x00606ad0                mvCpuIfTargetWinBaseLowGet
                0x006063e8                mvCpuIfPexRemap
                0x00606468                mvCpuIfTargetWinGet
                0x00606450                mvCpuIfPciIfRemap
                0x006065d0                mvCpuIfAddDecShow
                0x00606c38                mvCpuIfInit
 .text          0x00606e78      0x740 board/mv_feroceon/config_kw/libconfig_kw.a(mvSysXor.o)
                0x00606e78                mvXorProtWinSet
                0x00606f64                mvXorTargetWinGet
                0x00607094                mvXorAddrDecShow
                0x006074b8                mvXorInit
                0x00607224                mvXorTargetWinEnable
                0x00607324                mvXorTargetWinSet
                0x00606f1c                mvXorPciRemap
 .text          0x006075b8      0x238 board/mv_feroceon/config_kw/libconfig_kw.a(mvSysDram.o)
                0x006075b8                mvDramIfWinGet
                0x0060773c                mvDramIfWinSet
                0x006076ac                mvDramIfWinEnable
 .text          0x006077f0      0x6e0 board/mv_feroceon/config_kw/libconfig_kw.a(mvSysGbe.o)
                0x00607960                mvEthPortAddrDecShow
                0x00607a70                mvEthWinTargetGet
                0x00607b74                mvEthWinEnable
                0x006077f0                mvEthProtWinSet
                0x00607c2c                mvEthWinInit
                0x00607e88                mvEthInit
                0x00607a34                mvEthAddrDecShow
 .text          0x00607ed0      0x304 board/mv_feroceon/config_kw/libconfig_kw.a(mvSysAudio.o)
                0x00608124                mvAudioInit
                0x00607ed0                mvAudioWinGet
                0x00607f78                mvAudioAddrDecShow
                0x00608054                mvAudioWinSet
 .text          0x006081d4      0x4cc board/mv_feroceon/config_kw/libconfig_kw.a(mvSysTs.o)
                0x00608670                mvTsuInit
                0x00608274                mvTsuAddrDecShow
                0x00608438                mvTsuWinEnable
                0x006084c8                mvTsuWinInit
                0x00608350                mvTsuWinTargetGet
 .text          0x006086a0      0xf18 board/mv_feroceon/config_kw/libconfig_kw.a(mvSysPex.o)
                0x00608d30                mvPexTargetWinGet
                0x00608bf4                mvPexBarEnable
                0x006087f8                mvPexTargetWinRemapEnable
                0x00609108                mvPexInit
                0x00609350                mvPexAddrDecShow
                0x00608e90                mvPexTargetWinEnable
                0x00608918                mvPexBarGet
                0x006087b8                pexBarNameGet
                0x0060886c                mvPexTargetWinRemap
                0x00608a70                mvPexBarSet
                0x00608f90                mvPexTargetWinSet
 .text          0x006095b8      0x3b4 board/mv_feroceon/config_kw/libconfig_kw.a(mvSysSata.o)
                0x0060965c                mvSataAddrDecShow
                0x00609754                mvSataWinSet
                0x006095b8                mvSataWinGet
                0x00609880                mvSataWinInit
 .text          0x0060996c      0x3b8 board/mv_feroceon/config_kw/libconfig_kw.a(mvSysUsb.o)
                0x00609aec                mvUsbWinSet
                0x00609a00                mvUsbAddrDecShow
                0x00609bf8                mvUsbWinInit
                0x00609cec                mvUsbInit
                0x0060996c                mvUsbWinGet
 .text          0x00609d24      0x3a8 board/mv_feroceon/config_kw/libconfig_kw.a(mvCpu.o)
                0x00609d24                whoAmI
                0x00609d2c                mvCpuIfPrintSystemConfig
                0x00609f30                mvCpuPclkGet
                0x00609e74                mvCpuNameGet
                0x00609ffc                mvCpuL2ClkGet
 .text          0x0060a0cc      0x498 board/mv_feroceon/config_kw/libconfig_kw.a(mvSysLCD.o)
                0x0060a478                mvLcdInit
                0x0060a308                mvLcdTargetWinEnable
                0x0060a1b0                mvLcdAddrDecShow
                0x0060a0f0                mvLcdTargetWinGet
                0x0060a394                mvLcdTargetWinSet
                0x0060a0cc                mvLcdPciRemap
 .text          0x0060a564     0x17dc board/mv_feroceon/config_kw/libconfig_kw.a(mvBoardEnvLib.o)
                0x0060af2c                mvBoardMppMuxSet
                0x0060a628                mvBoardIdGet
                0x0060a9f8                mvBoardTwsiExpAddrTypeGet
                0x0060ad60                mvBoardNandWidthGet
                0x0060b2ac                mvBoardUSBVbusGpioPinGet
                0x0060abf4                mvBoardRtcTwsiAddrTypeGet
                0x0060ae18                mvBoardTdmSpiModeGet
                0x0060ae38                mvBoardMppGroupTypeSet
                0x0060a598                mvBoardSpecInitGet
                0x0060bc40                mvBoardSysClkGet
                0x0060ae84                mvBoardMppGroupTypeGet
                0x0060b338                mvBoardRTCGpioPinGet
                0x0060bb60                mvBoardEnvInit
                0x0060aa64                mvBoarModuleTypeGet
                0x0060ba64                mvBoardDebugLed
                0x0060a5b4                mvBoardDebugLedNumGet
                0x0060a5a0                mvBoardPexBridgeIntPinGet
                0x0060a784                mvBoardSlicGpioPinGet
                0x0060bb08                mvBoardNameGet
                0x0060a5cc                mvBoardTclkGet
                0x0060b0b8                mvBoardIsPortInGmii
                0x0060acc0                boardGetDevCSNum
                0x0060a808                mvBoardTwsiSatRAddrTypeGet
                0x0060b2c4                mvBoardResetGpioPinGet
                0x0060ab44                mvBoardA2DTwsiAddrTypeGet
                0x0060b508                mvBoardRevGet
                0x0060ad20                mvBoardGetDeviceWidth
                0x0060aed0                mvBoardMppModuleTypePrint
                0x0060b37c                mvBoardIsSwitchConnected
                0x0060b46c                mvBoardLinkStatusIrqGet
                0x0060b344                mvBoardSmiScanModeGet
                0x0060b2a0                mvBoardUSBVbusEnGpioPinGet
                0x0060aaec                mvBoardA2DTwsiAddrGet
                0x0060b1a0                mvBoardGpioIntMaskLowGet
                0x0060ad00                mvBoardGetDeviceBusWidth
                0x0060a900                mvBoarTwsiSatRGet
                0x0060b0f4                mvBoardMppVoltageLevelGet
                0x0060b524                mvBoardModelGet
                0x0060b170                mvBoardGpioIntMaskHighGet
                0x0060b414                mvBoardSwitchPortGet
                0x0060b140                mvBoardMppGet
                0x0060b53c                mvBoardGetDeviceWinSize
                0x0060a564                mvBoardIsPortInSgmii
                0x0060b5c0                mvBoardTdmMppSet
                0x0060b4a4                mvBoardMacSpeedGet
                0x0060ab9c                mvBoardRtcTwsiAddrGet
                0x0060a98c                mvBoardTwsiExpAddrGet
                0x0060b3dc                mvBoardSwitchCpuPortGet
                0x0060b24c                bfIsPWR_or_PWRAUTO_SignalAsserted
                0x0060a79c                mvBoardTwsiSatRAddrGet
                0x0060b58c                mvBoardGetDeviceBaseAddr
                0x0060b1d0                mvBoardGpioPinNumGet
                0x0060b4d4                mvBoardPhyAddrGet
                0x0060a874                mvBoarTwsiSatRSet
                0x0060b2d0                mvBoardReset
                0x0060adb8                mvBoardGetDevicesNumber
                0x0060b880                mvBoardMppGroupIdUpdate
                0x0060b2b8                mvBoardSDIOGpioPinGet
 .text          0x0060bd40        0x0 board/mv_feroceon/config_kw/libconfig_kw.a(mvBoardEnvSpec.o)
 .text          0x0060bd40      0xd38 board/mv_feroceon/config_kw/libconfig_kw.a(mv_flash.o)
                0x0060c56c                sflashInfoCopy
                0x0060bf68                sflash_print_info
                0x0060c0b8                sflash_cmd
                0x0060bec0                mv_write_buff
                0x0060c860                flashMvInfoCopy
                0x0060c744                mvFlash_init
                0x0060be68                mv_flash_real_protect
                0x0060c630                sflash_init
                0x0060bd40                getMvFlashInfo
                0x0060bd84                getMvFlashInfoNum
                0x0060bddc                mv_flash_real_protect_bank
                0x0060c658                mv_flash_erase
                0x0060c510                mv_flash_print_info
                0x0060bf24                sflash_erase
                0x0060c988                flashInfoCopy
 .text          0x0060ca78      0x67c board/mv_feroceon/config_kw/libconfig_kw.a(mv_pageTable.o)
                0x0060cb10                cpuCfgEnable
                0x0060cb38                disableIDCache
                0x0060ce4c                pageTableInit
                0x0060ca88                mmuInvCache
                0x0060ca80                mmuSetDomainAccessControl
                0x0060cacc                mmuFlushTLB
                0x0060cb54                getDCacheAssociativity
                0x0060cc04                cpumap_cmd
                0x0060cbe8                getDCacheLine
                0x0060ca78                mmuSetPageTabBase
                0x0060cbb8                getDCacheSize
 .text          0x0060d0f4       0xe4 board/mv_feroceon/config_kw/libconfig_kw.a(mv_rtc.o)
                0x0060d0f8                rtc_set
                0x0060d0f4                rtc_reset
                0x0060d174                rtc_get
 .text          0x0060d1d8      0x12c board/mv_feroceon/config_kw/libconfig_kw.a(mv_mon_init.o)
                0x0060d1d8                PTexist
                0x0060d228                mon_extension_after_relloc
 .text          0x0060d304     0x1c4c board/mv_feroceon/config_kw/libconfig_kw.a(mv_ide.o)
                0x0060d324                mvGetSataDeviceType
                0x0060d5b0                ide_read_write
                0x0060dc3c                ide_read
                0x0060e770                do_diskboot
                0x0060d394                InitChannel
                0x0060d474                mvSataEventNotify
                0x0060ea8c                do_ide
                0x0060d3e4                ide_get_dev
                0x0060dc68                mvGetPMDeviceInfo
                0x0060dd78                ide_init
                0x0060dc10                ide_write
 .text          0x0060ef50      0x9a4 board/mv_feroceon/config_kw/libconfig_kw.a(mv_protectionUnit.o)
                0x0060ef50                get_control
                0x0060f3c0                MPU_Init
                0x0060ef60                get_prot_attrib
                0x0060f0f8                mpuInvCache
                0x0060f180                mpuMap
                0x0060f164                _disableIDCache
                0x0060ef58                set_control
                0x0060f13c                _cpuCfgEnable
 .text          0x0060f8f4      0x38c board/mv_feroceon/config_kw/libconfig_kw.a(mv_ext2_boot.o)
                0x0060f8f4                do_bootext2
 .text          0x0060fc80      0x6ac board/mv_feroceon/config_kw/libconfig_kw.a(mvSwitch.o)
                0x00610074                mvEthE6063SwitchBasicInit
                0x0061009c                mvEthE6065_61SwitchBasicInit
                0x006100c4                mvEthE6161SwitchBasicInit
                0x00610260                mvEthE6131SwitchBasicInit
                0x0060fc80                mvEthSwitchRegRead
                0x0060fd34                mvEthSwitchRegWrite
 .text          0x0061032c      0x2e0 board/mv_feroceon/config_kw/libconfig_kw.a(mvCommon.o)
                0x00610358                mvBinToAscii
                0x0061032c                mvLog2
                0x006104ec                mvMacStrToHex
                0x006103f0                mvAsciiToHex
                0x0061054c                mvSizePrint
                0x0061043c                mvMacHexToStr
                0x006103a4                mvBinToHex
                0x00610488                mvHexToBin
 .text          0x0061060c       0xf8 board/mv_feroceon/config_kw/libconfig_kw.a(mvOs.o)
                0x0061060c                mvOsCpuPartGet
                0x00610624                mvOsIoVirtToPhy
                0x006106b4                mvOsIoUncachedMalloc
                0x006106cc                mvOsCpuRevGet
                0x006106d8                mvOsCpuAsciiGet
                0x00610644                mvOsStrCmp
                0x006106e4                mvOsCpuVarGet
                0x0061068c                mvOsIoCachedFree
                0x00610634                mvOsCacheInvalidate
                0x0061069c                mvOsIoCachedMalloc
                0x00610694                mvOsIoUncachedFree
                0x0061063c                mvOsRand
                0x0061062c                mvOsCacheFlush
                0x006106f4                mvOsCpuArchGet
 .text          0x00610704      0x7c4 board/mv_feroceon/config_kw/libconfig_kw.a(mvFlashCom.o)
                0x00610874                flashAddrExt
                0x006107fc                mvFlashVenIdGet
                0x00610814                mvFlashBaseAddrGet
                0x00610a18                flashPrint
                0x00610820                mvFlashBusWidthGet
                0x0061076c                mvFlashSecSizeGet
                0x00610798                mvFlashNumOfSecsGet
                0x00610704                mvFlashNumOfDevGet
                0x0061082c                mvFlashDevWidthGet
                0x006108f4                flashBusWidthWr
                0x006109b0                mvFlashInWhichSec
                0x006107a4                mvFlashSizeGet
                0x00610740                mvFlashSecLockGet
                0x0061097c                flashBusWidthDataWr
                0x00610808                mvFlashDevIdGet
                0x006107f0                mvFlashSecTypeGet
                0x00610734                mvFlashIsHwLock
                0x006108bc                flashBusWidthRd
                0x00610838                flashDataExt
                0x006107c4                mvFlashSecOffsGet
                0x00610928                flashCmdSet
 .text          0x00610ec8     0x551c board/mv_feroceon/config_kw/libconfig_kw.a(mvSata.o)
                0x00614e28                mvSataChannelFarLoopbackDiagnostic
                0x00611c08                mvSataSetIntCoalParams
                0x00613584                mvSataChannelPhyPowerOn
                0x00614940                mvSataConfigureChannel
                0x00612b9c                mvSata60X1B2CheckDevError
                0x006118a8                mvSataGetInterfaceSpeed
                0x006117fc                mvSataSetInterruptsScheme
                0x00616370                mvSataGetInterfacePowerState
                0x006116bc                mvSataShutdownAdapter
                0x006136c0                mvSataInitAdapter
                0x006150f4                mvSataInterruptServiceRoutine
                0x006119e8                mvSataCheckPendingInterrupt
                0x0061450c                mvSataEnableStaggeredSpinUp
                0x006146e8                mvSataChannelHardReset
                0x00614acc                mvSataDisableChannelDma
                0x00611a1c                mvSataChannelPhyShutdown
                0x006121a4                _setActivePMPort
                0x006120d4                disableSaDevInterrupts
                0x00611834                mvSataUnmaskAdapterInterrupt
                0x00615eac                mvSataQueueCommand
                0x00611aec                mvSataSetChannelPhyParams
                0x006116f4                mvSataRemoveChannel
                0x0061191c                mvSataDisableStaggeredSpinUp
                0x006143d8                mvSataSetInterfaceSpeed
                0x00611810                mvSataMaskAdapterInterrupt
                0x006125ac                mvSataEnableChannelDma
                0x0061457c                mvSataEnableStaggeredSpinUpAll
                0x0061185c                mvSataIfD2HReceived
                0x006116e4                mvSataWriteReg
                0x00611724                mvSataSetFBSMode
                0x006126f0                mvSataIsStorageDeviceConnected
                0x00614dbc                waitForBusyAfterHReset
                0x00611790                mvSataNumOfDmaCommands
                0x00616074                mvSataConfigEdmaMode
                0x006117b4                mvSataGetNumOfPortQueuedCommands
                0x006125f0                mvSataSetInterfacePowerState
                0x006148ec                mvSataFlushDmaQueue
                0x00611994                mvSataDisableStaggeredSpinUpAll
                0x00611dd8                mvSataReadReg
 .text          0x006163e4     0x116c board/mv_feroceon/config_kw/libconfig_kw.a(mvStorageDev.o)
                0x00616958                mvStorageDevATASoftResetDevice
                0x00617430                mvStorageDevATASetFeatures
                0x00617488                mvStorageDevATAIdentifyDevice
                0x006169d4                executeNonUDMACommand
                0x00616ef4                _PMAccessReg
                0x00616468                mvStorageDevSetDeviceType
                0x00616690                mvStorageDevATAIdleImmediate
                0x006171c8                mvPMDevEnableStaggeredSpinUpPort
                0x00616e3c                mvStorageDevExecutePIO
                0x006165e8                waitForDRQ
                0x00616810                mvStorageIsDeviceBsyBitOff
                0x00616414                disableStorageDevInterrupt
                0x00617090                mvPMLinkUp
                0x006165a8                _startSoftResetDevice
                0x00616730                dumpAtaDeviceRegisters
                0x0061690c                mvStorageDevATAStartSoftResetDevice
                0x006164b8                _doSoftReset
                0x0061710c                mvPMDevReadReg
                0x00616554                waitForDRQToClear
                0x00617254                mvPMDevEnableStaggeredSpinUpAll
                0x00616870                waitWhileStorageDevIsBusy_88SX60X1
                0x00616444                _isDeviceBsyBitOff
                0x006163e4                enableStorageDevInterrupt
                0x00617398                mvStorageDevATAExecuteNonUDMACommand
                0x0061702c                mvPMDevWriteReg
                0x0061663c                waitWhileStorageDevIsBusy
                0x00617104                mvPMDevEnableStaggeredSpinUp
                0x00616494                mvStorageDevGetDeviceType
 .text          0x00617550      0xc38 board/mv_feroceon/config_kw/libconfig_kw.a(mvSFlash.o)
                0x00617d0c                mvSFlashStatRegLock
                0x00617550                mvSFlashSizeGet
                0x006175f0                mvSFlashPowerSaveExit
                0x00617590                mvSFlashPowerSaveEnter
                0x00617f7c                mvSFlashInit
                0x00617ecc                mvSFlashFastBlockRd
                0x00618064                mvSFlashBlockWr
                0x0061780c                mvSFlashWpRegionGet
                0x00617564                mvSFlashModelGet
                0x00617b44                mvSFlashSectorErase
                0x00617aa0                mvSFlashChipErase
                0x006176e0                mvSFlashIdGet
                0x0061766c                mvSFlashBlockRd
                0x00617d70                mvSFlashWpRegionSet
 .text          0x00618188     0x1584 board/mv_feroceon/config_kw/libconfig_kw.a(mvEthPhy.o)
                0x00618afc                mvEthE1011PhyBasicInit
                0x00618c7c                mvEthE1116PhyBasicInit
                0x00618ec0                Is_link_mvEthE1111Phy
                0x00619184                buffalo_all_link_led_off
                0x00618280                mvEthPhyRegWrite
                0x006191c8                mvEth1121PhyBasicInit
                0x00618398                mvEthSgmiiToCopperPhyBasicInit
                0x006184a0                buffalo_link_led_off_mvEthE111xPhy
                0x00618de4                mvEthE1112PhyBasicInit
                0x00619140                buffalo_all_link_led_on
                0x00618268                rdPhy
                0x00619440                mvEthPhyReset
                0x0061849c                buffalo_link_led_on
                0x0061964c                mvEthE1111PhyBasicInit
                0x00618f04                mvEthPhyPrintStatus
                0x00618530                buffalo_link_led_off
                0x00618300                mvEthPhyCheckLink
                0x00618af4                mvEthE1112PhyPowerDown
                0x00618534                Is_mvEthE111xPhy
                0x006192b4                mvEth1145PhyBasicInit
                0x006185b4                bfPhyPowerUp
                0x00618ffc                mvEthPhyDisableAN
                0x006190ec                buffalo_print_phy_addr
                0x00618aec                mvEthE1112PhyPowerUp
                0x00618188                mvEthPhyRegRead
                0x00618b94                mvEthE3016PhyBasicInit
                0x00618774                mvEthE111xPhyBasicInit_internal
                0x00619398                mvEthPhyRestartAN
                0x0061840c                buffalo_link_led_on_mvEthE111xPhy
                0x006194d8                mvEthPhyLoopback
 .text          0x0061970c      0x4dc board/mv_feroceon/config_kw/libconfig_kw.a(mvRtc.o)
                0x0061986c                mvRtcInit
                0x00619b8c                buffalo_IsStopAtUbootStatus
                0x00619870                mvRtcAlarmSet
                0x00619a98                mvRtcAlarmGet
                0x006199d0                bfGetMagicKey
                0x006199e0                mvRtcTimeGet
                0x0061970c                mvRtcTimeSet
                0x00619b50                bfSetMagicKey
 .text          0x00619be8      0x940 board/mv_feroceon/config_kw/libconfig_kw.a(mvTwsi.o)
                0x0061a320                mvTwsiRead
                0x0061a120                mvTwsiStopBitSet
                0x00619f18                mvTwsiAddrSet
                0x0061a268                mvTwsiWrite
                0x0061a1b8                mvTwsiStartBitSet
                0x00619c1c                mvTwsiInit
 .text          0x0061a528      0x5e8 board/mv_feroceon/config_kw/libconfig_kw.a(mvGpp.o)
                0x0061a99c                bfGppOutEnableRegBitTest
                0x0061a528                mvGppValueGet
                0x0061a894                mvGppTypeSet
                0x0061a780                bfGppOutRegBitNagate
                0x0061a9f0                bfGppBlinkRegBitTest
                0x0061a5b0                mvGppBlinkEn
                0x0061a90c                bfGppOutEnableRegBitClr
                0x0061a5f8                bfGppBlinkRegBitSet
                0x0061a6ac                mvGppValueSet
                0x0061a7d8                bfGppOutRegBitAssert
                0x0061a568                mvGppPolaritySet
                0x0061aa68                bfGppOutRegBitTest
                0x0061a96c                mvGppPolarityGet
                0x0061a834                bfGppOutRegBitClr
                0x0061a93c                bfGppOutEnableRegBitSet
                0x0061a628                bfGppBlinkRegBitClr
                0x0061a658                bfGppDataInPolRegBitTest
                0x0061a864                bfGppOutRegBitSet
                0x0061aabc                bfGppInRegBitTest
                0x0061aa44                bfGppOutRegBitInv
 .text          0x0061ab10      0x4e0 board/mv_feroceon/config_kw/libconfig_kw.a(mvSpi.o)
                0x0061ae30                mvSpiCsAssert
                0x0061ad48                mvSpiReadWrite
                0x0061abe8                mvSpiRead
                0x0061ae18                mvSpiCsDeassert
                0x0061ac9c                mvSpiWrite
                0x0061af0c                mvSpiInit
                0x0061ae60                mvSpiBaudRateSet
 .text          0x0061aff0      0x170 board/mv_feroceon/config_kw/libconfig_kw.a(mvSpiCmnd.o)
                0x0061b098                mvSpiWriteThenWrite
                0x0061aff0                mvSpiWriteThenRead
                0x0061b110                mvSpiReadAndWrite
 .text          0x0061b160      0x798 board/mv_feroceon/config_kw/libconfig_kw.a(mvUsb.o)
                0x0061b16c                mvUsbRegs
                0x0061b1b0                mvUsbPowerUp
                0x0061b200                mvUsbHalInit
                0x0061b160                mvUsbGetCapRegAddr
                0x0061b170                mvUsbCoreRegs
                0x0061b1d8                mvUsbPowerDown
 .text          0x0061b8f8      0x7c0 board/mv_feroceon/config_kw/libconfig_kw.a(mvXor.o)
                0x0061bb54                mvXorHalInit
                0x0061c098                mvXorEccCurrTimerGet
                0x0061b9b8                mvXorCommandSet
                0x0061bb98                mvXorEccClean
                0x0061b958                mvXorStateGet
                0x0061b8f8                mvXorCtrlSet
                0x0061be70                mvXorTransfer
                0x0061bf90                mvXorMemInit
                0x0061bd50                mvXorOverrideSet
 .text          0x0061c0b8     0x23cc board/mv_feroceon/config_kw/libconfig_kw.a(mvEth.o)
                0x0061c95c                mvEthMacAddrSet
                0x0061e208                mvEthCoalGet
                0x0061e0bc                mvEthRxFilterModeSet
                0x0061df70                mvEthTosToRxqGet
                0x0061de68                mvEthVlanPrioRxQueue
                0x0061e35c                mvEthRxCoalSet
                0x0061e1b0                mvEthMaxRxSizeSet
                0x0061da28                mvEthHeaderModeSet
                0x0061d874                mvEthPortPowerDown
                0x0061ddcc                mvEthBpduRxQueue
                0x0061d74c                mvEthHalInit
                0x0061c8fc                mvEthSetOtherMcastTable
                0x0061cc00                mvEthMibCountersClear
                0x0061dd64                mvEthArpRxQueue
                0x0061e048                mvEthMacAddrGet
                0x0061d464                mvEthPortFinish
                0x0061c138                mvEthPortForceTxDone
                0x0061e2e0                mvEthTxCoalSet
                0x0061c89c                mvEthSetSpecialMcastTable
                0x0061db88                mvEthSpeedDuplexSet
                0x0061c26c                mvEthMcastCrc8Get
                0x0061ca60                mvEthMcastAddrSet
                0x0061ce58                mvEthEjpModeSet
                0x0061e3d8                mvEthPortForceRx
                0x0061dcfc                mvEthTcpRxQueue
                0x0061cef0                mvEthPortDown
                0x0061cc30                mvEthPhyAddrSet
                0x0061d8e0                mvEthPortPowerUp
                0x0061cc64                ethResetRxDescRing
                0x0061c0b8                mvEthMemAttrGet
                0x0061dabc                mvEthFlowCtrlSet
                0x0061ded4                mvEthTosToRxqSet
                0x0061dc94                mvEthUdpRxQueue
                0x0061d7ec                mvEthPortEnable
                0x0061d4ec                mvEthPortInit
                0x0061cd54                ethResetTxDescRing
                0x0061d178                mvEthDefaultsSet
                0x0061dfec                mvEthMibCounterRead
                0x0061d984                mvEthPhyAddrGet
                0x0061d9b8                mvEthStatusGet
                0x0061c0d4                mvEthPortUp
                0x0061d0d8                mvEthPortDisable
 .text          0x0061e484      0xae8 board/mv_feroceon/config_kw/libconfig_kw.a(mvPex.o)
                0x0061e6c4                mvPexLocalBusNumSet
                0x0061ec1c                mvPexHalInit
                0x0061e650                mvPexLocalDevNumSet
                0x0061ea88                mvPexModeGet
                0x0061e8b8                mvPexConfigRead
                0x0061eb6c                mvPexForceX1
                0x0061e738                mvPexMasterEnable
                0x0061e798                mvPexConfigWrite
                0x0061e5d0                mvPexLocalDevNumGet
                0x0061e584                mvPexPhyRegRead
                0x0061eb40                mvPexIsPowerUp
                0x0061e544                mvPexPhyRegWrite
                0x0061ea00                mvPexSlaveEnable
                0x0061e484                mvPexPowerDown
                0x0061ebac                mvPexActiveStateLinkPMEnable
                0x0061e610                mvPexLocalBusNumGet
 .text          0x0061ef6c      0x9b8 board/mv_feroceon/config_kw/libconfig_kw.a(mvAudio.o)
                0x0061f110                mvI2SRecordCntrlGet
                0x0061f240                mvSPDIFRecordTclockSet
                0x0061f0c4                mvAudioDCOCtrlSet
                0x0061f3c0                mvI2SPlaybackCtrlSet
                0x0061f554                mvAudioSpcrCtrlGet
                0x0061f1d0                mvSPDIFRecordTclockGet
                0x0061f194                mvSPDIFRecordStatusGet
                0x0061f388                mvI2SPlaybackCtrlGet
                0x0061ef6c                mvAudioHalInit
                0x0061f320                mvAudioRecordControlGet
                0x0061f138                mvI2SRecordCntrlSet
                0x0061efb8                mvAudioDCOCtrlGet
                0x0061f4a8                mvAudioPlaybackStatusGet
                0x0061f504                mvAudioPlaybackControlGet
                0x0061f440                mvSPDIFPlaybackCtrlGet
                0x0061f580                mvAudioRecordControlSet
                0x0061f2d4                mvAudioRecordStatusGet
                0x0061efe4                mvSPDIFPlaybackCtrlSet
                0x0061f768                mvAudioPlaybackControlSet
 .text          0x0061f924     0x12d8 board/mv_feroceon/config_kw/libconfig_kw.a(mvTsu.o)
                0x0061fcc0                mvTsuRxNextBuffGet
                0x0061fbbc                mvTsuTxFreeBuffCountGet
                0x0061fd98                mvTsuRxFullBuffCountGet
                0x0061fe90                mvTsuHalInit
                0x00620998                mvTsuPortSignalCfgSet
                0x006202a8                mvTsuRxTimestampCntEn
                0x00620238                mvTsuRxFlushErrorPackets
                0x0061ff88                mvTsuTxInitTimeStampSet
                0x0061f92c                mvTsuPortReset
                0x0061fbfc                mvTsuTxNextBuffGet
                0x006204c0                mvTsuBuffersInit
                0x0061f968                mvTsuRxBuffFree
                0x00620ac0                mvTsuPortInit
                0x006208a8                mvTsuPortSignalCfgGet
                0x006203dc                mvTsuAggrMode1TmsOnPcktEn
                0x0061fa58                mvTsuTxStatusGet
                0x00620360                mvTsuRxSyncDetectionSet
                0x00620034                mvTsuTxBuffPut
                0x00620144                mvTsuTxClockFreqSet
                0x0061ff0c                mvTsuTxDone
                0x00620308                mvTsuRxSyncDetectionGet
                0x0061f924                mvTsuShutdown
                0x00620840                mvTsuStatusGet
                0x0061fe20                mvTsuPortShutdown
                0x0062044c                mvTsuDmaWatermarkSet
 .text          0x00620bfc        0x4 board/mv_feroceon/config_kw/libconfig_kw.a(mvLcd.o)
                0x00620bfc                mvLcdHalInit
 .text          0x00620c00      0xd9c board/mv_feroceon/config_kw/libconfig_kw.a(BuffaloWol.o)
                0x00621258                bfGetWolPatternString
                0x00620f0c                bfGetWolInterruptStatus
                0x00620e60                bfIsSupportWol
                0x00621880                bfSetWolMagicWaitMode
                0x00620da8                bfSetPowerSaveMode
                0x006214a8                bfSetWolFrameWaitMode
                0x00620c00                bfWriteWolFrameMatchingLen
                0x00621974                bfResetEthPhy
                0x006212fc                bfControlWolInterrupt
                0x00621030                bfDumpSramData
 .text          0x0062199c      0x474 board/mv_feroceon/config_kw/libconfig_kw.a(mvCtrlEnvAddrDec.o)
                0x006219dc                mvCtrlAddrDecToReg
                0x00621a20                mvCtrlTargetGet
                0x00621cf8                mvCtrlAttribGet
                0x00621b44                mvCtrlParamsToAddrDec
                0x0062199c                mvCtrlRegToAddrDec
                0x00621bac                mvCtrlAddrDecToParams
 .text          0x00621e10        0x8 board/mv_feroceon/config_kw/libconfig_kw.a(mvOsSata.o)
                0x00621e14                mvSwapWord
                0x00621e10                mvSwapShort
 .text          0x00621e18      0x48c cpu/arm926ejs/libarm926ejs.a(interrupts.o)
                0x00621e24                set_timer
                0x00621f90                reset_timer
                0x006221cc                do_fiq
                0x00622010                interrupt_init
                0x00622280                do_undefined_instruction
                0x00622044                show_regs
                0x006221a8                do_irq
                0x00621e34                get_tbclk
                0x00621f18                get_timer
                0x00621f48                reset_timer_masked
                0x00622184                bad_mode
                0x00621e3c                get_timer_masked
                0x00621f94                udelay
                0x00621ed0                udelay_masked
                0x00622238                do_prefetch_abort
                0x00621f2c                get_ticks
                0x00621e1c                disable_interrupts
                0x006221f0                do_not_used
                0x00622214                do_data_abort
                0x0062225c                do_software_interrupt
                0x00621e18                enable_interrupts
 .text          0x006222a4      0x2a8 cpu/arm926ejs/libarm926ejs.a(cpu.o)
                0x006222d8                cleanup_before_linux
                0x006222d0                cpu_init
                0x006223f8                icache_enable
                0x006223d8                do_reset
                0x006224f8                icache_disable
                0x00622478                dcache_status
                0x0062244c                icache_status
                0x006224a4                dcache_disable
 .text          0x0062254c      0x364 lib_arm/libarm.a(board.o)
                0x00622648                hang
                0x00622658                start_armboot
                0x0062254c                sbrk
 .text          0x006228b0        0x4 lib_arm/libarm.a(cache.o)
                0x006228b0                flush_cache
 .text          0x006228b4      0xe58 fs/ext2/libext2fs.a(ext2fs.o)
                0x00622a64                ext2fs_read_file
                0x00622fbc                ext2fs_close
                0x0062298c                ext2fs_mount
                0x00623690                ext2fs_ls
                0x00623568                ext2fs_find_file
                0x006235f8                ext2fs_open
                0x00622f9c                ext2fs_free_node
                0x00622f60                ext2fs_read
                0x006232c4                ext2fs_find_file1
 .text          0x0062370c      0x23c fs/ext2/libext2fs.a(dev.o)
                0x006238f4                ext2fs_set_blk_dev
                0x0062370c                ext2fs_devread
 .text          0x00623948     0x13d4 net/libnet.a(net.o)
                0x00623b48                getenv_IPaddr
                0x006239f0                NetCksumOk
                0x006245d0                NetSetTimeout
                0x00623a1c                copy_filename
                0x00623b60                NetEthHdrSize
                0x00623c04                ip_to_string
                0x0062485c                ArpTimeoutCheck
                0x00623fac                NetReceive
                0x00623ad4                string_to_ip
                0x00624608                NetSendUDPPacket
                0x00623c50                print_IPaddr
                0x00623c74                NetSetEther
                0x006248d0                NetLoop
                0x00623ebc                ArpRequest
                0x00623bac                VLAN_to_string
                0x00623abc                getenv_VLAN
                0x006239ac                NetCksum
                0x00623d38                NetSetIP
                0x00623a6c                string_to_VLAN
                0x0062476c                NetStartAgain
                0x0062399c                NetSetHandler
                0x00624490                PingSend
                0x00623eb8                NetSendPacket
 .text          0x00624d1c      0x634 net/libnet.a(tftp.o)
                0x00624eac                TftpStart
 .text          0x00625350      0x6c4 net/libnet.a(bootp.o)
                0x00625410                BootpRequest
 .text          0x00625a14      0x1ac net/libnet.a(rarp.o)
                0x00625a14                RarpRequest
 .text          0x00625bc0      0x510 net/libnet.a(eth.o)
                0x00625ce0                eth_get_dev_by_name
                0x00625c1c                eth_halt
                0x00625e84                eth_register
                0x00625bc0                eth_get_dev
                0x00625da0                eth_try_another
                0x00625f14                eth_set_enetaddr
                0x00625fcc                eth_initialize
                0x00625d34                eth_set_current
                0x00625c8c                eth_rx
                0x00625bd0                eth_get_dev_index
                0x00625e1c                eth_init
                0x00625cc0                eth_get_name
                0x00625c50                eth_send
 .text          0x006260d0      0x89c net/libnet.a(rcvr.o)
                0x006262a0                RecoverRequest
 .text          0x0062696c      0x390 disk/libdisk.a(part.o)
                0x00626a7c                dev_print
                0x00626a14                print_part
                0x00626c84                get_partition_info
                0x00626cc8                init_part
 .text          0x00626cfc      0x5c0 disk/libdisk.a(part_dos.o)
                0x006270a0                get_partition_info_dos
                0x00627290                print_part_dos
                0x00626d44                test_part_dos
 .text          0x006272bc      0x6f0 disk/libdisk.a(part_efi.o)
                0x00627874                print_part_efi
                0x00627394                test_part_efi
                0x0062777c                get_partition_info_efi
 .text          0x006279ac     0x1adc drivers/libdrivers.a(cfi_flash.o)
                0x00627dfc                flash_get_size
                0x006279e8                flash_read_ushort
                0x00629160                flash_erase
                0x006293d0                flash_read_user_serial
                0x00629310                flash_init
                0x006279ac                flash_add_base_addr
                0x00628fd0                flash_print_info
                0x00627a0c                flash_read_long
                0x006287ac                flash_real_protect
                0x006279d4                flash_read_uchar
                0x006279c0                flash_make_addr
                0x0062942c                flash_read_factory_serial
                0x00628a30                write_buff
 .text          0x00629488      0xac0 common/libcommon.a(main.o)
                0x006294fc                run_command
                0x00629488                do_run
                0x00629ae8                readline
                0x00629dec                main_loop
 .text          0x00629f48       0x78 common/libcommon.a(cmd_boot.o)
                0x00629f48                do_go
 .text          0x00629fc0      0xce8 common/libcommon.a(cmd_bootm.o)
                0x0062a158                print_image_hdr
                0x0062a690                do_bootd
                0x00629fe0                gunzip
                0x0062a6bc                do_bootm
                0x0062a624                do_iminfo
 .text          0x0062aca8      0x324 common/libcommon.a(cmd_date.o)
                0x0062aebc                do_date
                0x0062acec                mk_date
 .text          0x0062afcc      0x4fc common/libcommon.a(cmd_ext2.o)
                0x0062b378                do_ext2ls
                0x0062b080                do_ext2load
 .text          0x0062b4c8      0x418 common/libcommon.a(cmd_fat.o)
                0x0062b758                do_fat_fsload
                0x0062b564                do_fat_fsinfo
                0x0062b648                do_fat_ls
                0x0062b4c8                get_dev
 .text          0x0062b8e0      0xf5c common/libcommon.a(cmd_flash.o)
                0x0062c770                do_flinfo
                0x0062c3a4                flash_sect_erase
                0x0062bf60                do_protect
                0x0062c4a4                do_flerase
                0x0062bae0                flash_sect_protect
 .text          0x0062c83c     0x203c common/libcommon.a(cmd_jffs2.o)
                0x0062e530                do_jffs2_chpart
                0x0062d950                mtdparts_init
                0x0062ced0                id_parse
                0x0062cfb8                find_dev_and_part
                0x0062e5e8                do_jffs2_fsinfo
                0x0062e674                do_jffs2_ls
                0x0062dfa4                do_jffs2_mtdparts
                0x0062e6f4                do_jffs2_fsload
 .text          0x0062e878      0xc38 common/libcommon.a(cmd_mem.o)
                0x0062e878                do_mem_base
                0x0062f1ec                do_mem_mw
                0x0062e8c4                do_mem_crc
                0x0062ec98                do_mem_nm
                0x0062ecc0                do_mem_mm
                0x0062ede0                do_mem_cp
                0x0062e980                do_mem_mtest
                0x0062f048                do_mem_cmp
                0x0062eab0                cmd_get_data_size
                0x0062ece8                do_mem_loop
                0x0062f2c4                do_mem_md
 .text          0x0062f4b0       0x30 common/libcommon.a(cmd_mmc.o)
                0x0062f4b0                do_mmc
 .text          0x0062f4e0      0x374 common/libcommon.a(cmd_net.o)
                0x0062f830                do_rarpb
                0x0062f4e0                do_ping
                0x0062f83c                do_tftpb
                0x0062f848                do_bootp
 .text          0x0062f854      0x934 common/libcommon.a(cmd_nvedit.o)
                0x0062f9c8                getenv
                0x0062fa48                _do_setenv
                0x0062f8c4                getenv_r
                0x0062ffe8                do_printenv
                0x0062ffac                setenv
                0x0062f994                do_saveenv
                0x0062ff60                do_setenv
 .text          0x00630188     0x1354 common/libcommon.a(cmd_usb.o)
                0x00630ef4                usb_display_conf_desc
                0x006308f4                usb_show_tree_graph
                0x006301a8                usb_get_class_desc
                0x0063024c                usb_display_ep_desc
                0x00630bf0                usb_display_desc
                0x00630320                usb_display_class_sub
                0x00630bbc                usb_show_tree
                0x00630e24                usb_display_string
                0x00630e5c                usb_display_if_desc
                0x00630fa4                usb_display_config
                0x00630530                do_usbboot
                0x00631038                do_usb
 .text          0x006314dc      0xd1c common/libcommon.a(command.o)
                0x006314dc                do_echo
                0x006316b4                cmd_auto_complete
                0x00631d48                do_exit
                0x00631618                find_cmd
                0x00631d80                do_test
                0x00631b64                install_auto_complete
                0x00631ba4                do_help
                0x00631590                var_complete
                0x00631568                do_version
 .text          0x006321f8      0x510 common/libcommon.a(console.o)
                0x006323c0                console_init_r
                0x006325dc                printf
                0x006324a8                console_assign
                0x006326a0                getc
                0x00632590                puts
                0x006323a4                dbg
                0x00632624                serial_printf
                0x006322d0                ftstc
                0x00632544                fprintf
                0x00632688                tstc
                0x006325ac                vprintf
                0x006326b8                ctrlc
                0x0063266c                putc
                0x00632368                disable_ctrlc
                0x006322a0                fgetc
                0x00632380                had_ctrlc
                0x00632300                fputc
                0x006323b0                console_init_f
                0x00632390                clear_ctrlc
                0x00632334                fputs
 .text          0x00632708       0xfc common/libcommon.a(devices.o)
                0x0063272c                device_register
                0x00632708                devices_done
                0x00632758                devices_init
 .text          0x00632804     0x1100 common/libcommon.a(dlmalloc.o)
                0x00632c14                malloc
                0x00633364                pvalloc
                0x00633388                calloc
                0x0063283c                malloc_usable_size
                0x00633470                realloc
                0x006328f8                malloc_trim
                0x00632804                malloc_bin_reloc
                0x00632880                mallopt
                0x00633248                memalign
                0x00632c10                cfree
                0x0063337c                valloc
                0x006329c8                free
 .text          0x00633904      0x3e8 common/libcommon.a(env_common.o)
                0x00633924                env_get_addr
                0x00633970                env_complete
                0x00633aec                bfKeepEthAddr
                0x00633c54                env_relocate
                0x00633ac0                env_crc_update
                0x00633904                env_get_char_memory
 .text          0x00633cec      0x18c common/libcommon.a(env_flash.o)
                0x00633cf8                env_relocate_spec
                0x00633d14                saveenv
                0x00633cec                env_get_char_spec
                0x00633de0                env_init
 .text          0x00633e78       0xd4 common/libcommon.a(exports.o)
                0x00633e84                jumptable_init
                0x00633e7c                get_version
 .text          0x00633f4c      0x3e4 common/libcommon.a(flash.o)
                0x006340a0                flash_write
                0x0063420c                flash_protect
                0x00633f4c                addr2info
                0x00633fc0                flash_perror
 .text          0x00634330     0x1cdc common/libcommon.a(hush.o)
                0x006346e4                new_pipe
                0x00634458                mapset
                0x006356fc                parse_string_outer
                0x00635070                update_ifs_map
                0x006356b4                parse_file_outer
                0x0063434c                simple_itoa
                0x00634a58                reserved_word
                0x00634480                u_boot_hush_start
 .text          0x0063600c      0x3e4 common/libcommon.a(lists.o)
                0x00636310                DisposeHandle
                0x00636330                ListDispose
                0x00636140                ListInsertItems
                0x00636014                ListSetAllocationPolicy
                0x00636064                ListGetItemSize
                0x00636058                ListGetDataPtr
                0x00636334                NewHandle
                0x006360c4                SetHandleSize
                0x00636308                ListInsertItem
                0x0063600c                GetHandleSize
                0x00636070                ListNumItems
                0x00636028                ListGetPtrToItem
                0x00636390                ListCreate
                0x0063607c                ListGetItems
 .text          0x006363f0     0x1724 common/libcommon.a(usb.o)
                0x00636f80                usb_set_idle
                0x00636408                usb_maxpacket
                0x006378f4                usb_hub_probe
                0x00637aec                usb_stop
                0x00637a70                usb_init
                0x006363f0                usb_disable_asynch
                0x006379c8                usb_clear_halt
                0x00636788                usb_bulk_msg
                0x00636ea0                usb_get_class_descriptor
                0x00637968                usb_scan_devices
                0x00636bb8                usb_get_hub_descriptor
                0x00636900                usb_get_port_status
                0x00636764                usb_submit_int_msg
                0x00636618                usb_parse_config
                0x006367f8                usb_control_msg
                0x00636fe4                usb_set_protocol
                0x006375b4                usb_hub_port_connect_change
                0x006370b8                usb_set_interface
                0x00636524                usb_hub_allocate
                0x00636da4                usb_string
                0x00636f10                usb_get_report
                0x006371c8                usb_get_descriptor
                0x006376e0                usb_hub_configure
                0x00636c18                usb_get_string
                0x00636768                wait_ms
                0x00636b60                usb_clear_hub_feature
                0x00637230                usb_get_configuration_no
                0x00636a58                usb_clear_port_feature
                0x006369b4                usb_set_port_feature
                0x006372d0                usb_new_device
                0x00636960                usb_get_hub_status
                0x00637044                usb_set_configuration
                0x0063642c                usb_set_maxpacket
                0x00637180                usb_set_address
                0x0063656c                usb_alloc_new_device
                0x00636510                usb_hub_reset
                0x006364e0                usb_get_dev_index
 .text          0x00637b14     0x139c common/libcommon.a(usb_storage.o)
                0x00637eb0                usb_storage_probe
                0x00638c50                usb_stor_CB_transport
                0x00638934                usb_stor_CB_comdat
                0x00637b34                usb_stor_get_dev
                0x0063830c                usb_stor_read
                0x00637b6c                usb_show_progress
                0x00638524                usb_stor_scan
                0x00638664                usb_stor_BBB_comdat
                0x00638e40                usb_stor_info
                0x00637c6c                usb_stor_get_info
                0x006380dc                usb_stor_BBB_clear_endpt_stall
                0x00638b74                usb_stor_CBI_get_status
                0x00638758                usb_stor_BBB_transport
 .text          0x00638eb0      0x200 lib_generic/libgeneric.a(crc32.o)
                0x00638eb0                crc32
                0x00638fb0                crc32_no_comp
 .text          0x006390b0        0x0 lib_generic/libgeneric.a(ctype.o)
 .text          0x006390b0       0xc8 lib_generic/libgeneric.a(display_options.o)
                0x00639150                display_options
                0x006390b0                print_size
 .text          0x00639178      0x5d4 lib_generic/libgeneric.a(string.o)
                0x00639178                strcpy
                0x006395d8                memscan
                0x00639554                memmove
                0x00639534                memcpy
                0x006394a0                strswab
                0x0063932c                strnlen
                0x006392ec                strrchr
                0x006391b8                strcat
                0x00639668                memchr
                0x006395fc                strstr
                0x0063925c                strncmp
                0x00639190                strncpy
                0x00639508                bcopy
                0x006393d8                strtok
                0x0063959c                memcmp
                0x006391e4                strncat
                0x00639694                strdup
                0x006394ec                memset
                0x00639230                strcmp
                0x00639464                strsep
                0x006396d0                strnicmp
                0x00639354                strspn
                0x006392cc                strlen
                0x006392a0                strchr
                0x00639398                strpbrk
 .text          0x0063974c      0x810 lib_generic/libgeneric.a(vsprintf.o)
                0x00639b3c                vsprintf
                0x0063980c                simple_strtol
                0x00639ae4                panic
                0x00639f2c                sprintf
                0x0063974c                simple_strtoul
 .text          0x00639f5c     0x2d80 lib_generic/libgeneric.a(zlib.o)
                0x0063aebc                inflate
                0x0063a920                inflateInit2
                0x0063ad8c                inflateIncomp
                0x0063aa70                adler32
                0x0063a7ac                inflateReset
                0x0063a814                inflateSync
                0x0063aa68                inflateInit
                0x0063a70c                inflateEnd
 .text          0x0063ccdc      0x1dc board/mv_feroceon/config_kw/libconfig_kw.a(mvCntmr.o)
                0x0063ccdc                mvCntmrLoad
                0x0063cda4                mvCntmrCtrlGet
                0x0063ce30                mvCntmrRead
                0x0063ce88                mvCntmrEnable
                0x0063cdf0                mvCntmrStart
                0x0063ce58                mvCntmrDisable
                0x0063cd14                mvCntmrWrite
                0x0063cd3c                mvCntmrCtrlSet
 .text          0x0063ceb8      0x298 board/mv_feroceon/config_kw/libconfig_kw.a(mv_dram.o)
                0x0063cfdc                dram_init
                0x0063cfd0                mvIntrfaceWidthPrint
                0x0063ceb8                mvIntrfaceParamPrint
 .text          0x0063d150      0x104 board/mv_feroceon/config_kw/libconfig_kw.a(mv_serial.o)
                0x0063d150                serial_setbrg
                0x0063d194                serial_tstc
                0x0063d1b4                serial_putc
                0x0063d204                serial_init
                0x0063d1e0                serial_puts
                0x0063d19c                serial_getc
 .text          0x0063d254      0xa00 board/mv_feroceon/config_kw/libconfig_kw.a(mv_egiga.o)
                0x0063d300                mv_eth_initialize
 .text          0x0063dc54      0xc44 board/mv_feroceon/config_kw/libconfig_kw.a(mmc.o)
                0x0063dc68                mmc_ident
                0x0063e5dc                mmc_block_read
                0x0063e7bc                mmc_write
                0x0063def4                mmc_init
                0x0063dc54                mmc_get_dev
                0x0063dc70                mmc2info
                0x0063e798                mmc_bread
                0x0063e670                mmc_read
                0x0063dc60                mmc_block_write
 .text          0x0063e898     0x128c board/mv_feroceon/config_kw/libconfig_kw.a(mvDramIf.o)
                0x0063f98c                mvDramIfShow
                0x0063e980                mvDramIfCalGet
                0x0063ea30                mvDramIfDetect
                0x0063e898                mvDramIfGetCSorder
                0x0063e9f4                mvDramIfBankSizeGet
                0x0063ea2c                mvDramIfBankBaseGet
                0x0063fafc                mvDramIfSelfRefreshSet
                0x0063e9f8                mvDramIfSizeGet
                0x0063e8a8                mvDramIfGetFirstCS
                0x0063e93c                mvDramCsSizeGet
                0x0063f95c                mvDramIfSingleBitErrThresholdSet
 .text          0x0063fb24       0xdc board/mv_feroceon/config_kw/libconfig_kw.a(mvUart.o)
                0x0063fbe8                mvUartTstc
                0x0063fb68                mvUartPutc
                0x0063fb24                mvUartInit
                0x0063fba4                mvUartGetc
 .text          0x0063fc00     0x1514 board/mv_feroceon/config_kw/libconfig_kw.a(mvSpd.o)
                0x0063ff84                dimmSpdPrint
                0x00640ed4                mvDramBankInfoGet
                0x00641048                dimmSpdCpy
                0x0063fc78                dimmSpdGet
 .text          0x00641114      0x680 lib_arm/libarm.a(armlinux.o)
                0x00641134                do_bootm_linux
 .text          0x00641794      0x7fc fs/cramfs/libcramfs.a(cramfs.o)
                0x00641938                cramfs_info
                0x00641794                cramfs_check
                0x00641eb4                cramfs_load
                0x00641d48                cramfs_ls
 .text          0x00641f90       0xf0 fs/cramfs/libcramfs.a(uncompress.o)
                0x00641f90                cramfs_uncompress_exit
                0x0064202c                cramfs_uncompress_block
                0x00641fb0                cramfs_uncompress_init
 .text          0x00642080     0x1350 fs/fat/libfat.a(fat.o)
                0x00643284                file_fat_read
                0x00642940                do_fat_read
                0x006432bc                file_fat_ls
                0x006424d0                file_fat_detectfs
                0x006420a8                disk_read
                0x006432cc                fat_register_device
 .text          0x006433d0     0x1714 fs/jffs2/libjffs2.a(jffs2_1pass.o)
                0x006441ec                jffs2_1pass_load
                0x006440cc                jffs2_1pass_info
                0x0064449c                jffs2_1pass_ls
                0x006435a8                jffs2_1pass_rescan_needed
                0x00643408                mkmodestr
                0x00643c30                jffs2_free_cache
 .text          0x00644ae4       0xf0 fs/jffs2/libjffs2.a(compr_rtime.o)
                0x00644ae4                rtime_decompress
 .text          0x00644bd4      0x140 fs/jffs2/libjffs2.a(compr_rubin.o)
                0x00644cc8                dynrubin_decompress
                0x00644bd4                rubin_do_decompress
 .text          0x00644d14       0x18 fs/jffs2/libjffs2.a(compr_zlib.o)
                0x00644d14                zlib_decompress
 .text          0x00644d2c      0x954 fs/jffs2/libjffs2.a(mini_inflate.o)
                0x006450dc                decompress_block
                0x00644d5c                pull_bits
                0x00644dbc                pull_bit
                0x00644d2c                cramfs_memset
 .text          0x00645680      0x2a0 rtc/librtc.a(date.o)
                0x00645680                GregorianDay
                0x00645884                mktime
                0x00645774                to_tm
 .text          0x00645920      0xa74 drivers/usb/libusb.a(usb_ehci.o)
                0x00645920                usb_lowlevel_stop
                0x00645978                submit_int_msg
                0x00646368                submit_bulk_msg
                0x00645eb8                submit_control_msg
                0x006459ec                usb_lowlevel_init
 .text          0x00646394      0x28c /opt/Orion-SDK/SDK-2.0-LE/tools/gcc/bin/../lib/gcc/arm-none-linux-gnueabi/4.2.0/libgcc.a(_udivsi3.o)
                0x00646394                __udivsi3
                0x00646394                __aeabi_uidiv
                0x00646608                __aeabi_uidivmod
 .text          0x00646620      0x2bc /opt/Orion-SDK/SDK-2.0-LE/tools/gcc/bin/../lib/gcc/arm-none-linux-gnueabi/4.2.0/libgcc.a(_divsi3.o)
                0x00646620                __aeabi_idiv
                0x00646620                __divsi3
                0x006468c4                __aeabi_idivmod
 .text          0x006468dc       0x10 /opt/Orion-SDK/SDK-2.0-LE/tools/gcc/bin/../lib/gcc/arm-none-linux-gnueabi/4.2.0/libgcc.a(_dvmd_lnx.o)
                0x006468dc                __div0

.glue_7         0x006468ec        0x0
 .glue_7        0x006468ec        0x0 cpu/arm926ejs/start.o
 .glue_7        0x006468ec        0x0 board/mv_feroceon/USP/jump.o
 .glue_7        0x006468ec        0x0 board/mv_feroceon/config_kw/libconfig_kw.a(platform.o)
 .glue_7        0x006468ec        0x0 board/mv_feroceon/config_kw/libconfig_kw.a(mvTwsiEeprom.o)
 .glue_7        0x006468ec        0x0 board/mv_feroceon/config_kw/libconfig_kw.a(mv_cmd.o)
 .glue_7        0x006468ec        0x0 board/mv_feroceon/config_kw/libconfig_kw.a(mv_main.o)
 .glue_7        0x006468ec        0x0 board/mv_feroceon/config_kw/libconfig_kw.a(mv_service.o)
 .glue_7        0x006468ec        0x0 board/mv_feroceon/config_kw/libconfig_kw.a(mvCtrlEnvLib.o)
 .glue_7        0x006468ec        0x0 board/mv_feroceon/config_kw/libconfig_kw.a(mvAhbToMbus.o)
 .glue_7        0x006468ec        0x0 board/mv_feroceon/config_kw/libconfig_kw.a(mvCpuIf.o)
 .glue_7        0x006468ec        0x0 board/mv_feroceon/config_kw/libconfig_kw.a(mvSysXor.o)
 .glue_7        0x006468ec        0x0 board/mv_feroceon/config_kw/libconfig_kw.a(mvSysDram.o)
 .glue_7        0x006468ec        0x0 board/mv_feroceon/config_kw/libconfig_kw.a(mvSysGbe.o)
 .glue_7        0x006468ec        0x0 board/mv_feroceon/config_kw/libconfig_kw.a(mvSysAudio.o)
 .glue_7        0x006468ec        0x0 board/mv_feroceon/config_kw/libconfig_kw.a(mvSysTs.o)
 .glue_7        0x006468ec        0x0 board/mv_feroceon/config_kw/libconfig_kw.a(mvSysPex.o)
 .glue_7        0x006468ec        0x0 board/mv_feroceon/config_kw/libconfig_kw.a(mvSysSata.o)
 .glue_7        0x006468ec        0x0 board/mv_feroceon/config_kw/libconfig_kw.a(mvSysUsb.o)
 .glue_7        0x006468ec        0x0 board/mv_feroceon/config_kw/libconfig_kw.a(mvCpu.o)
 .glue_7        0x006468ec        0x0 board/mv_feroceon/config_kw/libconfig_kw.a(mvSysLCD.o)
 .glue_7        0x006468ec        0x0 board/mv_feroceon/config_kw/libconfig_kw.a(mvBoardEnvLib.o)
 .glue_7        0x006468ec        0x0 board/mv_feroceon/config_kw/libconfig_kw.a(mvBoardEnvSpec.o)
 .glue_7        0x006468ec        0x0 board/mv_feroceon/config_kw/libconfig_kw.a(mv_flash.o)
 .glue_7        0x006468ec        0x0 board/mv_feroceon/config_kw/libconfig_kw.a(mv_pageTable.o)
 .glue_7        0x006468ec        0x0 board/mv_feroceon/config_kw/libconfig_kw.a(mv_rtc.o)
 .glue_7        0x006468ec        0x0 board/mv_feroceon/config_kw/libconfig_kw.a(mv_mon_init.o)
 .glue_7        0x006468ec        0x0 board/mv_feroceon/config_kw/libconfig_kw.a(mv_ide.o)
 .glue_7        0x006468ec        0x0 board/mv_feroceon/config_kw/libconfig_kw.a(mv_protectionUnit.o)
 .glue_7        0x006468ec        0x0 board/mv_feroceon/config_kw/libconfig_kw.a(mv_ext2_boot.o)
 .glue_7        0x006468ec        0x0 board/mv_feroceon/config_kw/libconfig_kw.a(mvSwitch.o)
 .glue_7        0x006468ec        0x0 board/mv_feroceon/config_kw/libconfig_kw.a(mvCommon.o)
 .glue_7        0x006468ec        0x0 board/mv_feroceon/config_kw/libconfig_kw.a(mvOs.o)
 .glue_7        0x006468ec        0x0 board/mv_feroceon/config_kw/libconfig_kw.a(mvFlashCom.o)
 .glue_7        0x006468ec        0x0 board/mv_feroceon/config_kw/libconfig_kw.a(mvSata.o)
 .glue_7        0x006468ec        0x0 board/mv_feroceon/config_kw/libconfig_kw.a(mvStorageDev.o)
 .glue_7        0x006468ec        0x0 board/mv_feroceon/config_kw/libconfig_kw.a(mvSFlash.o)
 .glue_7        0x006468ec        0x0 board/mv_feroceon/config_kw/libconfig_kw.a(mvEthPhy.o)
 .glue_7        0x006468ec        0x0 board/mv_feroceon/config_kw/libconfig_kw.a(mvRtc.o)
 .glue_7        0x006468ec        0x0 board/mv_feroceon/config_kw/libconfig_kw.a(mvTwsi.o)
 .glue_7        0x006468ec        0x0 board/mv_feroceon/config_kw/libconfig_kw.a(mvGpp.o)
 .glue_7        0x006468ec        0x0 board/mv_feroceon/config_kw/libconfig_kw.a(mvSpi.o)
 .glue_7        0x006468ec        0x0 board/mv_feroceon/config_kw/libconfig_kw.a(mvSpiCmnd.o)
 .glue_7        0x006468ec        0x0 board/mv_feroceon/config_kw/libconfig_kw.a(mvUsb.o)
 .glue_7        0x006468ec        0x0 board/mv_feroceon/config_kw/libconfig_kw.a(mvXor.o)
 .glue_7        0x006468ec        0x0 board/mv_feroceon/config_kw/libconfig_kw.a(mvEth.o)
 .glue_7        0x006468ec        0x0 board/mv_feroceon/config_kw/libconfig_kw.a(mvPex.o)
 .glue_7        0x006468ec        0x0 board/mv_feroceon/config_kw/libconfig_kw.a(mvAudio.o)
 .glue_7        0x006468ec        0x0 board/mv_feroceon/config_kw/libconfig_kw.a(mvTsu.o)
 .glue_7        0x006468ec        0x0 board/mv_feroceon/config_kw/libconfig_kw.a(mvLcd.o)
 .glue_7        0x006468ec        0x0 board/mv_feroceon/config_kw/libconfig_kw.a(BuffaloWol.o)
 .glue_7        0x006468ec        0x0 board/mv_feroceon/config_kw/libconfig_kw.a(mvCtrlEnvAddrDec.o)
 .glue_7        0x006468ec        0x0 board/mv_feroceon/config_kw/libconfig_kw.a(mvOsSata.o)
 .glue_7        0x006468ec        0x0 cpu/arm926ejs/libarm926ejs.a(interrupts.o)
 .glue_7        0x006468ec        0x0 cpu/arm926ejs/libarm926ejs.a(cpu.o)
 .glue_7        0x006468ec        0x0 lib_arm/libarm.a(board.o)
 .glue_7        0x006468ec        0x0 lib_arm/libarm.a(cache.o)
 .glue_7        0x006468ec        0x0 fs/ext2/libext2fs.a(ext2fs.o)
 .glue_7        0x006468ec        0x0 fs/ext2/libext2fs.a(dev.o)
 .glue_7        0x006468ec        0x0 net/libnet.a(net.o)
 .glue_7        0x006468ec        0x0 net/libnet.a(tftp.o)
 .glue_7        0x006468ec        0x0 net/libnet.a(bootp.o)
 .glue_7        0x006468ec        0x0 net/libnet.a(rarp.o)
 .glue_7        0x006468ec        0x0 net/libnet.a(eth.o)
 .glue_7        0x006468ec        0x0 net/libnet.a(rcvr.o)
 .glue_7        0x006468ec        0x0 disk/libdisk.a(part.o)
 .glue_7        0x006468ec        0x0 disk/libdisk.a(part_dos.o)
 .glue_7        0x006468ec        0x0 disk/libdisk.a(part_efi.o)
 .glue_7        0x006468ec        0x0 drivers/libdrivers.a(cfi_flash.o)
 .glue_7        0x006468ec        0x0 common/libcommon.a(main.o)
 .glue_7        0x006468ec        0x0 common/libcommon.a(cmd_boot.o)
 .glue_7        0x006468ec        0x0 common/libcommon.a(cmd_bootm.o)
 .glue_7        0x006468ec        0x0 common/libcommon.a(cmd_date.o)
 .glue_7        0x006468ec        0x0 common/libcommon.a(cmd_ext2.o)
 .glue_7        0x006468ec        0x0 common/libcommon.a(cmd_fat.o)
 .glue_7        0x006468ec        0x0 common/libcommon.a(cmd_flash.o)
 .glue_7        0x006468ec        0x0 common/libcommon.a(cmd_jffs2.o)
 .glue_7        0x006468ec        0x0 common/libcommon.a(cmd_mem.o)
 .glue_7        0x006468ec        0x0 common/libcommon.a(cmd_mmc.o)
 .glue_7        0x006468ec        0x0 common/libcommon.a(cmd_net.o)
 .glue_7        0x006468ec        0x0 common/libcommon.a(cmd_nvedit.o)
 .glue_7        0x006468ec        0x0 common/libcommon.a(cmd_usb.o)
 .glue_7        0x006468ec        0x0 common/libcommon.a(command.o)
 .glue_7        0x006468ec        0x0 common/libcommon.a(console.o)
 .glue_7        0x006468ec        0x0 common/libcommon.a(devices.o)
 .glue_7        0x006468ec        0x0 common/libcommon.a(dlmalloc.o)
 .glue_7        0x006468ec        0x0 common/libcommon.a(env_common.o)
 .glue_7        0x006468ec        0x0 common/libcommon.a(env_flash.o)
 .glue_7        0x006468ec        0x0 common/libcommon.a(exports.o)
 .glue_7        0x006468ec        0x0 common/libcommon.a(flash.o)
 .glue_7        0x006468ec        0x0 common/libcommon.a(hush.o)
 .glue_7        0x006468ec        0x0 common/libcommon.a(lists.o)
 .glue_7        0x006468ec        0x0 common/libcommon.a(usb.o)
 .glue_7        0x006468ec        0x0 common/libcommon.a(usb_storage.o)
 .glue_7        0x006468ec        0x0 lib_generic/libgeneric.a(crc32.o)
 .glue_7        0x006468ec        0x0 lib_generic/libgeneric.a(ctype.o)
 .glue_7        0x006468ec        0x0 lib_generic/libgeneric.a(display_options.o)
 .glue_7        0x006468ec        0x0 lib_generic/libgeneric.a(string.o)
 .glue_7        0x006468ec        0x0 lib_generic/libgeneric.a(vsprintf.o)
 .glue_7        0x006468ec        0x0 lib_generic/libgeneric.a(zlib.o)
 .glue_7        0x006468ec        0x0 board/mv_feroceon/config_kw/libconfig_kw.a(mvCntmr.o)
 .glue_7        0x006468ec        0x0 board/mv_feroceon/config_kw/libconfig_kw.a(mv_dram.o)
 .glue_7        0x006468ec        0x0 board/mv_feroceon/config_kw/libconfig_kw.a(mv_serial.o)
 .glue_7        0x006468ec        0x0 board/mv_feroceon/config_kw/libconfig_kw.a(mv_egiga.o)
 .glue_7        0x006468ec        0x0 board/mv_feroceon/config_kw/libconfig_kw.a(mmc.o)
 .glue_7        0x006468ec        0x0 board/mv_feroceon/config_kw/libconfig_kw.a(mvDramIf.o)
 .glue_7        0x006468ec        0x0 board/mv_feroceon/config_kw/libconfig_kw.a(mvUart.o)
 .glue_7        0x006468ec        0x0 board/mv_feroceon/config_kw/libconfig_kw.a(mvSpd.o)
 .glue_7        0x006468ec        0x0 lib_arm/libarm.a(armlinux.o)
 .glue_7        0x006468ec        0x0 fs/cramfs/libcramfs.a(cramfs.o)
 .glue_7        0x006468ec        0x0 fs/cramfs/libcramfs.a(uncompress.o)
 .glue_7        0x006468ec        0x0 fs/fat/libfat.a(fat.o)
 .glue_7        0x006468ec        0x0 fs/jffs2/libjffs2.a(jffs2_1pass.o)
 .glue_7        0x006468ec        0x0 fs/jffs2/libjffs2.a(compr_rtime.o)
 .glue_7        0x006468ec        0x0 fs/jffs2/libjffs2.a(compr_rubin.o)
 .glue_7        0x006468ec        0x0 fs/jffs2/libjffs2.a(compr_zlib.o)
 .glue_7        0x006468ec        0x0 fs/jffs2/libjffs2.a(mini_inflate.o)
 .glue_7        0x006468ec        0x0 rtc/librtc.a(date.o)
 .glue_7        0x006468ec        0x0 drivers/usb/libusb.a(usb_ehci.o)
 .glue_7        0x006468ec        0x0 /opt/Orion-SDK/SDK-2.0-LE/tools/gcc/bin/../lib/gcc/arm-none-linux-gnueabi/4.2.0/libgcc.a(_udivsi3.o)
 .glue_7        0x006468ec        0x0 /opt/Orion-SDK/SDK-2.0-LE/tools/gcc/bin/../lib/gcc/arm-none-linux-gnueabi/4.2.0/libgcc.a(_divsi3.o)
 .glue_7        0x006468ec        0x0 /opt/Orion-SDK/SDK-2.0-LE/tools/gcc/bin/../lib/gcc/arm-none-linux-gnueabi/4.2.0/libgcc.a(_dvmd_lnx.o)

.glue_7t        0x006468ec        0x0
 .glue_7t       0x006468ec        0x0 cpu/arm926ejs/start.o
 .glue_7t       0x006468ec        0x0 board/mv_feroceon/USP/jump.o
 .glue_7t       0x006468ec        0x0 board/mv_feroceon/config_kw/libconfig_kw.a(platform.o)
 .glue_7t       0x006468ec        0x0 board/mv_feroceon/config_kw/libconfig_kw.a(mvTwsiEeprom.o)
 .glue_7t       0x006468ec        0x0 board/mv_feroceon/config_kw/libconfig_kw.a(mv_cmd.o)
 .glue_7t       0x006468ec        0x0 board/mv_feroceon/config_kw/libconfig_kw.a(mv_main.o)
 .glue_7t       0x006468ec        0x0 board/mv_feroceon/config_kw/libconfig_kw.a(mv_service.o)
 .glue_7t       0x006468ec        0x0 board/mv_feroceon/config_kw/libconfig_kw.a(mvCtrlEnvLib.o)
 .glue_7t       0x006468ec        0x0 board/mv_feroceon/config_kw/libconfig_kw.a(mvAhbToMbus.o)
 .glue_7t       0x006468ec        0x0 board/mv_feroceon/config_kw/libconfig_kw.a(mvCpuIf.o)
 .glue_7t       0x006468ec        0x0 board/mv_feroceon/config_kw/libconfig_kw.a(mvSysXor.o)
 .glue_7t       0x006468ec        0x0 board/mv_feroceon/config_kw/libconfig_kw.a(mvSysDram.o)
 .glue_7t       0x006468ec        0x0 board/mv_feroceon/config_kw/libconfig_kw.a(mvSysGbe.o)
 .glue_7t       0x006468ec        0x0 board/mv_feroceon/config_kw/libconfig_kw.a(mvSysAudio.o)
 .glue_7t       0x006468ec        0x0 board/mv_feroceon/config_kw/libconfig_kw.a(mvSysTs.o)
 .glue_7t       0x006468ec        0x0 board/mv_feroceon/config_kw/libconfig_kw.a(mvSysPex.o)
 .glue_7t       0x006468ec        0x0 board/mv_feroceon/config_kw/libconfig_kw.a(mvSysSata.o)
 .glue_7t       0x006468ec        0x0 board/mv_feroceon/config_kw/libconfig_kw.a(mvSysUsb.o)
 .glue_7t       0x006468ec        0x0 board/mv_feroceon/config_kw/libconfig_kw.a(mvCpu.o)
 .glue_7t       0x006468ec        0x0 board/mv_feroceon/config_kw/libconfig_kw.a(mvSysLCD.o)
 .glue_7t       0x006468ec        0x0 board/mv_feroceon/config_kw/libconfig_kw.a(mvBoardEnvLib.o)
 .glue_7t       0x006468ec        0x0 board/mv_feroceon/config_kw/libconfig_kw.a(mvBoardEnvSpec.o)
 .glue_7t       0x006468ec        0x0 board/mv_feroceon/config_kw/libconfig_kw.a(mv_flash.o)
 .glue_7t       0x006468ec        0x0 board/mv_feroceon/config_kw/libconfig_kw.a(mv_pageTable.o)
 .glue_7t       0x006468ec        0x0 board/mv_feroceon/config_kw/libconfig_kw.a(mv_rtc.o)
 .glue_7t       0x006468ec        0x0 board/mv_feroceon/config_kw/libconfig_kw.a(mv_mon_init.o)
 .glue_7t       0x006468ec        0x0 board/mv_feroceon/config_kw/libconfig_kw.a(mv_ide.o)
 .glue_7t       0x006468ec        0x0 board/mv_feroceon/config_kw/libconfig_kw.a(mv_protectionUnit.o)
 .glue_7t       0x006468ec        0x0 board/mv_feroceon/config_kw/libconfig_kw.a(mv_ext2_boot.o)
 .glue_7t       0x006468ec        0x0 board/mv_feroceon/config_kw/libconfig_kw.a(mvSwitch.o)
 .glue_7t       0x006468ec        0x0 board/mv_feroceon/config_kw/libconfig_kw.a(mvCommon.o)
 .glue_7t       0x006468ec        0x0 board/mv_feroceon/config_kw/libconfig_kw.a(mvOs.o)
 .glue_7t       0x006468ec        0x0 board/mv_feroceon/config_kw/libconfig_kw.a(mvFlashCom.o)
 .glue_7t       0x006468ec        0x0 board/mv_feroceon/config_kw/libconfig_kw.a(mvSata.o)
 .glue_7t       0x006468ec        0x0 board/mv_feroceon/config_kw/libconfig_kw.a(mvStorageDev.o)
 .glue_7t       0x006468ec        0x0 board/mv_feroceon/config_kw/libconfig_kw.a(mvSFlash.o)
 .glue_7t       0x006468ec        0x0 board/mv_feroceon/config_kw/libconfig_kw.a(mvEthPhy.o)
 .glue_7t       0x006468ec        0x0 board/mv_feroceon/config_kw/libconfig_kw.a(mvRtc.o)
 .glue_7t       0x006468ec        0x0 board/mv_feroceon/config_kw/libconfig_kw.a(mvTwsi.o)
 .glue_7t       0x006468ec        0x0 board/mv_feroceon/config_kw/libconfig_kw.a(mvGpp.o)
 .glue_7t       0x006468ec        0x0 board/mv_feroceon/config_kw/libconfig_kw.a(mvSpi.o)
 .glue_7t       0x006468ec        0x0 board/mv_feroceon/config_kw/libconfig_kw.a(mvSpiCmnd.o)
 .glue_7t       0x006468ec        0x0 board/mv_feroceon/config_kw/libconfig_kw.a(mvUsb.o)
 .glue_7t       0x006468ec        0x0 board/mv_feroceon/config_kw/libconfig_kw.a(mvXor.o)
 .glue_7t       0x006468ec        0x0 board/mv_feroceon/config_kw/libconfig_kw.a(mvEth.o)
 .glue_7t       0x006468ec        0x0 board/mv_feroceon/config_kw/libconfig_kw.a(mvPex.o)
 .glue_7t       0x006468ec        0x0 board/mv_feroceon/config_kw/libconfig_kw.a(mvAudio.o)
 .glue_7t       0x006468ec        0x0 board/mv_feroceon/config_kw/libconfig_kw.a(mvTsu.o)
 .glue_7t       0x006468ec        0x0 board/mv_feroceon/config_kw/libconfig_kw.a(mvLcd.o)
 .glue_7t       0x006468ec        0x0 board/mv_feroceon/config_kw/libconfig_kw.a(BuffaloWol.o)
 .glue_7t       0x006468ec        0x0 board/mv_feroceon/config_kw/libconfig_kw.a(mvCtrlEnvAddrDec.o)
 .glue_7t       0x006468ec        0x0 board/mv_feroceon/config_kw/libconfig_kw.a(mvOsSata.o)
 .glue_7t       0x006468ec        0x0 cpu/arm926ejs/libarm926ejs.a(interrupts.o)
 .glue_7t       0x006468ec        0x0 cpu/arm926ejs/libarm926ejs.a(cpu.o)
 .glue_7t       0x006468ec        0x0 lib_arm/libarm.a(board.o)
 .glue_7t       0x006468ec        0x0 lib_arm/libarm.a(cache.o)
 .glue_7t       0x006468ec        0x0 fs/ext2/libext2fs.a(ext2fs.o)
 .glue_7t       0x006468ec        0x0 fs/ext2/libext2fs.a(dev.o)
 .glue_7t       0x006468ec        0x0 net/libnet.a(net.o)
 .glue_7t       0x006468ec        0x0 net/libnet.a(tftp.o)
 .glue_7t       0x006468ec        0x0 net/libnet.a(bootp.o)
 .glue_7t       0x006468ec        0x0 net/libnet.a(rarp.o)
 .glue_7t       0x006468ec        0x0 net/libnet.a(eth.o)
 .glue_7t       0x006468ec        0x0 net/libnet.a(rcvr.o)
 .glue_7t       0x006468ec        0x0 disk/libdisk.a(part.o)
 .glue_7t       0x006468ec        0x0 disk/libdisk.a(part_dos.o)
 .glue_7t       0x006468ec        0x0 disk/libdisk.a(part_efi.o)
 .glue_7t       0x006468ec        0x0 drivers/libdrivers.a(cfi_flash.o)
 .glue_7t       0x006468ec        0x0 common/libcommon.a(main.o)
 .glue_7t       0x006468ec        0x0 common/libcommon.a(cmd_boot.o)
 .glue_7t       0x006468ec        0x0 common/libcommon.a(cmd_bootm.o)
 .glue_7t       0x006468ec        0x0 common/libcommon.a(cmd_date.o)
 .glue_7t       0x006468ec        0x0 common/libcommon.a(cmd_ext2.o)
 .glue_7t       0x006468ec        0x0 common/libcommon.a(cmd_fat.o)
 .glue_7t       0x006468ec        0x0 common/libcommon.a(cmd_flash.o)
 .glue_7t       0x006468ec        0x0 common/libcommon.a(cmd_jffs2.o)
 .glue_7t       0x006468ec        0x0 common/libcommon.a(cmd_mem.o)
 .glue_7t       0x006468ec        0x0 common/libcommon.a(cmd_mmc.o)
 .glue_7t       0x006468ec        0x0 common/libcommon.a(cmd_net.o)
 .glue_7t       0x006468ec        0x0 common/libcommon.a(cmd_nvedit.o)
 .glue_7t       0x006468ec        0x0 common/libcommon.a(cmd_usb.o)
 .glue_7t       0x006468ec        0x0 common/libcommon.a(command.o)
 .glue_7t       0x006468ec        0x0 common/libcommon.a(console.o)
 .glue_7t       0x006468ec        0x0 common/libcommon.a(devices.o)
 .glue_7t       0x006468ec        0x0 common/libcommon.a(dlmalloc.o)
 .glue_7t       0x006468ec        0x0 common/libcommon.a(env_common.o)
 .glue_7t       0x006468ec        0x0 common/libcommon.a(env_flash.o)
 .glue_7t       0x006468ec        0x0 common/libcommon.a(exports.o)
 .glue_7t       0x006468ec        0x0 common/libcommon.a(flash.o)
 .glue_7t       0x006468ec        0x0 common/libcommon.a(hush.o)
 .glue_7t       0x006468ec        0x0 common/libcommon.a(lists.o)
 .glue_7t       0x006468ec        0x0 common/libcommon.a(usb.o)
 .glue_7t       0x006468ec        0x0 common/libcommon.a(usb_storage.o)
 .glue_7t       0x006468ec        0x0 lib_generic/libgeneric.a(crc32.o)
 .glue_7t       0x006468ec        0x0 lib_generic/libgeneric.a(ctype.o)
 .glue_7t       0x006468ec        0x0 lib_generic/libgeneric.a(display_options.o)
 .glue_7t       0x006468ec        0x0 lib_generic/libgeneric.a(string.o)
 .glue_7t       0x006468ec        0x0 lib_generic/libgeneric.a(vsprintf.o)
 .glue_7t       0x006468ec        0x0 lib_generic/libgeneric.a(zlib.o)
 .glue_7t       0x006468ec        0x0 board/mv_feroceon/config_kw/libconfig_kw.a(mvCntmr.o)
 .glue_7t       0x006468ec        0x0 board/mv_feroceon/config_kw/libconfig_kw.a(mv_dram.o)
 .glue_7t       0x006468ec        0x0 board/mv_feroceon/config_kw/libconfig_kw.a(mv_serial.o)
 .glue_7t       0x006468ec        0x0 board/mv_feroceon/config_kw/libconfig_kw.a(mv_egiga.o)
 .glue_7t       0x006468ec        0x0 board/mv_feroceon/config_kw/libconfig_kw.a(mmc.o)
 .glue_7t       0x006468ec        0x0 board/mv_feroceon/config_kw/libconfig_kw.a(mvDramIf.o)
 .glue_7t       0x006468ec        0x0 board/mv_feroceon/config_kw/libconfig_kw.a(mvUart.o)
 .glue_7t       0x006468ec        0x0 board/mv_feroceon/config_kw/libconfig_kw.a(mvSpd.o)
 .glue_7t       0x006468ec        0x0 lib_arm/libarm.a(armlinux.o)
 .glue_7t       0x006468ec        0x0 fs/cramfs/libcramfs.a(cramfs.o)
 .glue_7t       0x006468ec        0x0 fs/cramfs/libcramfs.a(uncompress.o)
 .glue_7t       0x006468ec        0x0 fs/fat/libfat.a(fat.o)
 .glue_7t       0x006468ec        0x0 fs/jffs2/libjffs2.a(jffs2_1pass.o)
 .glue_7t       0x006468ec        0x0 fs/jffs2/libjffs2.a(compr_rtime.o)
 .glue_7t       0x006468ec        0x0 fs/jffs2/libjffs2.a(compr_rubin.o)
 .glue_7t       0x006468ec        0x0 fs/jffs2/libjffs2.a(compr_zlib.o)
 .glue_7t       0x006468ec        0x0 fs/jffs2/libjffs2.a(mini_inflate.o)
 .glue_7t       0x006468ec        0x0 rtc/librtc.a(date.o)
 .glue_7t       0x006468ec        0x0 drivers/usb/libusb.a(usb_ehci.o)
 .glue_7t       0x006468ec        0x0 /opt/Orion-SDK/SDK-2.0-LE/tools/gcc/bin/../lib/gcc/arm-none-linux-gnueabi/4.2.0/libgcc.a(_udivsi3.o)
 .glue_7t       0x006468ec        0x0 /opt/Orion-SDK/SDK-2.0-LE/tools/gcc/bin/../lib/gcc/arm-none-linux-gnueabi/4.2.0/libgcc.a(_divsi3.o)
 .glue_7t       0x006468ec        0x0 /opt/Orion-SDK/SDK-2.0-LE/tools/gcc/bin/../lib/gcc/arm-none-linux-gnueabi/4.2.0/libgcc.a(_dvmd_lnx.o)

.vfp11_veneer   0x006468ec        0x0
 .vfp11_veneer  0x006468ec        0x0 cpu/arm926ejs/start.o
 .vfp11_veneer  0x006468ec        0x0 board/mv_feroceon/USP/jump.o
 .vfp11_veneer  0x006468ec        0x0 board/mv_feroceon/config_kw/libconfig_kw.a(platform.o)
 .vfp11_veneer  0x006468ec        0x0 board/mv_feroceon/config_kw/libconfig_kw.a(mvTwsiEeprom.o)
 .vfp11_veneer  0x006468ec        0x0 board/mv_feroceon/config_kw/libconfig_kw.a(mv_cmd.o)
 .vfp11_veneer  0x006468ec        0x0 board/mv_feroceon/config_kw/libconfig_kw.a(mv_main.o)
 .vfp11_veneer  0x006468ec        0x0 board/mv_feroceon/config_kw/libconfig_kw.a(mv_service.o)
 .vfp11_veneer  0x006468ec        0x0 board/mv_feroceon/config_kw/libconfig_kw.a(mvCtrlEnvLib.o)
 .vfp11_veneer  0x006468ec        0x0 board/mv_feroceon/config_kw/libconfig_kw.a(mvAhbToMbus.o)
 .vfp11_veneer  0x006468ec        0x0 board/mv_feroceon/config_kw/libconfig_kw.a(mvCpuIf.o)
 .vfp11_veneer  0x006468ec        0x0 board/mv_feroceon/config_kw/libconfig_kw.a(mvSysXor.o)
 .vfp11_veneer  0x006468ec        0x0 board/mv_feroceon/config_kw/libconfig_kw.a(mvSysDram.o)
 .vfp11_veneer  0x006468ec        0x0 board/mv_feroceon/config_kw/libconfig_kw.a(mvSysGbe.o)
 .vfp11_veneer  0x006468ec        0x0 board/mv_feroceon/config_kw/libconfig_kw.a(mvSysAudio.o)
 .vfp11_veneer  0x006468ec        0x0 board/mv_feroceon/config_kw/libconfig_kw.a(mvSysTs.o)
 .vfp11_veneer  0x006468ec        0x0 board/mv_feroceon/config_kw/libconfig_kw.a(mvSysPex.o)
 .vfp11_veneer  0x006468ec        0x0 board/mv_feroceon/config_kw/libconfig_kw.a(mvSysSata.o)
 .vfp11_veneer  0x006468ec        0x0 board/mv_feroceon/config_kw/libconfig_kw.a(mvSysUsb.o)
 .vfp11_veneer  0x006468ec        0x0 board/mv_feroceon/config_kw/libconfig_kw.a(mvCpu.o)
 .vfp11_veneer  0x006468ec        0x0 board/mv_feroceon/config_kw/libconfig_kw.a(mvSysLCD.o)
 .vfp11_veneer  0x006468ec        0x0 board/mv_feroceon/config_kw/libconfig_kw.a(mvBoardEnvLib.o)
 .vfp11_veneer  0x006468ec        0x0 board/mv_feroceon/config_kw/libconfig_kw.a(mvBoardEnvSpec.o)
 .vfp11_veneer  0x006468ec        0x0 board/mv_feroceon/config_kw/libconfig_kw.a(mv_flash.o)
 .vfp11_veneer  0x006468ec        0x0 board/mv_feroceon/config_kw/libconfig_kw.a(mv_pageTable.o)
 .vfp11_veneer  0x006468ec        0x0 board/mv_feroceon/config_kw/libconfig_kw.a(mv_rtc.o)
 .vfp11_veneer  0x006468ec        0x0 board/mv_feroceon/config_kw/libconfig_kw.a(mv_mon_init.o)
 .vfp11_veneer  0x006468ec        0x0 board/mv_feroceon/config_kw/libconfig_kw.a(mv_ide.o)
 .vfp11_veneer  0x006468ec        0x0 board/mv_feroceon/config_kw/libconfig_kw.a(mv_protectionUnit.o)
 .vfp11_veneer  0x006468ec        0x0 board/mv_feroceon/config_kw/libconfig_kw.a(mv_ext2_boot.o)
 .vfp11_veneer  0x006468ec        0x0 board/mv_feroceon/config_kw/libconfig_kw.a(mvSwitch.o)
 .vfp11_veneer  0x006468ec        0x0 board/mv_feroceon/config_kw/libconfig_kw.a(mvCommon.o)
 .vfp11_veneer  0x006468ec        0x0 board/mv_feroceon/config_kw/libconfig_kw.a(mvOs.o)
 .vfp11_veneer  0x006468ec        0x0 board/mv_feroceon/config_kw/libconfig_kw.a(mvFlashCom.o)